82
42
82
226730
42
246
42
82
42
82
42
42
246
23124
42
42
42
42
42
246
42
42
42
42
42
42
42
246
246
42
42
42
42
