867792
867792
1084740
1084740
487224
487224
867792
867792
922029
922029
972630
972630
1136856
