141231
141231
54091473
537
537
537
537
537
537
537
537
54091473
54091473
537
54091473
537
537
537
537
537
537
537
537
537
537
141231
537
537
537
537
54091473
537
537
537
537
537
537
537
537
537
54091473
537
564924
537
537
537
537
537
537
537
537
537
537
537
537
537
537
537
537
537
537
537
537
537
54091473
537
